../Core/Src/oled.c:8:6:OLED_WR_Byte	32	static
../Core/Src/oled.c:19:6:OLED_ColorTurn	16	static
../Core/Src/oled.c:29:6:OLED_DisplayTurn	16	static
../Core/Src/oled.c:41:6:OLED_DisPlay_On	8	static
../Core/Src/oled.c:48:6:OLED_DisPlay_Off	8	static
../Core/Src/oled.c:55:6:OLED_Refresh	152	static
../Core/Src/oled.c:71:6:OLED_Clear	16	static
../Core/Src/oled.c:82:6:OLED_Init	8	static
../Core/Src/oled.c:124:6:OLED_DrawPoint	24	static
../Core/Src/oled.c:147:6:OLED_ShowChar	32	static
../Core/Src/oled.c:192:6:OLED_ShowString	32	static
../Core/Src/oled.c:213:6:OLED_ShowChinese	40	static
